npm warn Unknown project config "public-hoist-pattern". This will stop working in the next major version of npm. See `npm help npmrc` for supported config options.

> build
> vite build

[36mvite v7.3.1 [32mbuilding client environment for production...[36m[39m
[plugin @laravel/vite-plugin-wayfinder] Types generated for actions, routes, form variants
transforming...
[32m✓[39m 612 modules transformed.
[31m✗[39m Build failed in 5.67s
[31merror during build:
[31m[vite]: Rollup failed to resolve import "react-quill-new" from "D:/informatic/resources/js/components/post-form.tsx".
This is most likely unintended because it can break your application at runtime.
If you do want to externalize this module explicitly add it to
`build.rollupOptions.external`[31m
    at viteLog (file:///D:/informatic/node_modules/vite/dist/node/chunks/config.js:33635:57)
    at file:///D:/informatic/node_modules/vite/dist/node/chunks/config.js:33669:73
    at onwarn (file:///D:/informatic/node_modules/@vitejs/plugin-react/dist/index.js:76:7)
    at file:///D:/informatic/node_modules/vite/dist/node/chunks/config.js:33669:28
    at onRollupLog (file:///D:/informatic/node_modules/vite/dist/node/chunks/config.js:33664:63)
    at onLog (file:///D:/informatic/node_modules/vite/dist/node/chunks/config.js:33467:4)
    at file:///D:/informatic/node_modules/rollup/dist/es/shared/node-entry.js:20958:32
    at Object.logger [as onLog] (file:///D:/informatic/node_modules/rollup/dist/es/shared/node-entry.js:22945:9)
    at ModuleLoader.handleInvalidResolvedId (file:///D:/informatic/node_modules/rollup/dist/es/shared/node-entry.js:21689:26)
    at file:///D:/informatic/node_modules/rollup/dist/es/shared/node-entry.js:21647:26[39m
